                                      1 ;--------------------------------------------------------
                                      2 ; File Created by SDCC : free open source ANSI-C Compiler
                                      3 ; Version 4.1.0 #12072 (Mac OS X x86_64)
                                      4 ;--------------------------------------------------------
                                      5 	.module preemptive
                                      6 	.optsdcc -mmcs51 --model-small
                                      7 	
                                      8 ;--------------------------------------------------------
                                      9 ; Public variables in this module
                                     10 ;--------------------------------------------------------
                                     11 	.globl _myTimer0Handler
                                     12 	.globl _Bootstrap
                                     13 	.globl _main
                                     14 	.globl _CY
                                     15 	.globl _AC
                                     16 	.globl _F0
                                     17 	.globl _RS1
                                     18 	.globl _RS0
                                     19 	.globl _OV
                                     20 	.globl _F1
                                     21 	.globl _P
                                     22 	.globl _PS
                                     23 	.globl _PT1
                                     24 	.globl _PX1
                                     25 	.globl _PT0
                                     26 	.globl _PX0
                                     27 	.globl _RD
                                     28 	.globl _WR
                                     29 	.globl _T1
                                     30 	.globl _T0
                                     31 	.globl _INT1
                                     32 	.globl _INT0
                                     33 	.globl _TXD
                                     34 	.globl _RXD
                                     35 	.globl _P3_7
                                     36 	.globl _P3_6
                                     37 	.globl _P3_5
                                     38 	.globl _P3_4
                                     39 	.globl _P3_3
                                     40 	.globl _P3_2
                                     41 	.globl _P3_1
                                     42 	.globl _P3_0
                                     43 	.globl _EA
                                     44 	.globl _ES
                                     45 	.globl _ET1
                                     46 	.globl _EX1
                                     47 	.globl _ET0
                                     48 	.globl _EX0
                                     49 	.globl _P2_7
                                     50 	.globl _P2_6
                                     51 	.globl _P2_5
                                     52 	.globl _P2_4
                                     53 	.globl _P2_3
                                     54 	.globl _P2_2
                                     55 	.globl _P2_1
                                     56 	.globl _P2_0
                                     57 	.globl _SM0
                                     58 	.globl _SM1
                                     59 	.globl _SM2
                                     60 	.globl _REN
                                     61 	.globl _TB8
                                     62 	.globl _RB8
                                     63 	.globl _TI
                                     64 	.globl _RI
                                     65 	.globl _P1_7
                                     66 	.globl _P1_6
                                     67 	.globl _P1_5
                                     68 	.globl _P1_4
                                     69 	.globl _P1_3
                                     70 	.globl _P1_2
                                     71 	.globl _P1_1
                                     72 	.globl _P1_0
                                     73 	.globl _TF1
                                     74 	.globl _TR1
                                     75 	.globl _TF0
                                     76 	.globl _TR0
                                     77 	.globl _IE1
                                     78 	.globl _IT1
                                     79 	.globl _IE0
                                     80 	.globl _IT0
                                     81 	.globl _P0_7
                                     82 	.globl _P0_6
                                     83 	.globl _P0_5
                                     84 	.globl _P0_4
                                     85 	.globl _P0_3
                                     86 	.globl _P0_2
                                     87 	.globl _P0_1
                                     88 	.globl _P0_0
                                     89 	.globl _B
                                     90 	.globl _ACC
                                     91 	.globl _PSW
                                     92 	.globl _IP
                                     93 	.globl _P3
                                     94 	.globl _IE
                                     95 	.globl _P2
                                     96 	.globl _SBUF
                                     97 	.globl _SCON
                                     98 	.globl _P1
                                     99 	.globl _TH1
                                    100 	.globl _TH0
                                    101 	.globl _TL1
                                    102 	.globl _TL0
                                    103 	.globl _TMOD
                                    104 	.globl _TCON
                                    105 	.globl _PCON
                                    106 	.globl _DPH
                                    107 	.globl _DPL
                                    108 	.globl _SP
                                    109 	.globl _P0
                                    110 	.globl _delayid
                                    111 	.globl _now
                                    112 	.globl _cnt
                                    113 	.globl _checkAlive
                                    114 	.globl _tmp2
                                    115 	.globl _tmp
                                    116 	.globl _i
                                    117 	.globl _newThread
                                    118 	.globl _bitmap
                                    119 	.globl _curThread
                                    120 	.globl _sp
                                    121 	.globl _ThreadCreate
                                    122 	.globl _ThreadYield
                                    123 	.globl _ThreadExit
                                    124 	.globl _delay
                                    125 ;--------------------------------------------------------
                                    126 ; special function registers
                                    127 ;--------------------------------------------------------
                                    128 	.area RSEG    (ABS,DATA)
      000000                        129 	.org 0x0000
                           000080   130 _P0	=	0x0080
                           000081   131 _SP	=	0x0081
                           000082   132 _DPL	=	0x0082
                           000083   133 _DPH	=	0x0083
                           000087   134 _PCON	=	0x0087
                           000088   135 _TCON	=	0x0088
                           000089   136 _TMOD	=	0x0089
                           00008A   137 _TL0	=	0x008a
                           00008B   138 _TL1	=	0x008b
                           00008C   139 _TH0	=	0x008c
                           00008D   140 _TH1	=	0x008d
                           000090   141 _P1	=	0x0090
                           000098   142 _SCON	=	0x0098
                           000099   143 _SBUF	=	0x0099
                           0000A0   144 _P2	=	0x00a0
                           0000A8   145 _IE	=	0x00a8
                           0000B0   146 _P3	=	0x00b0
                           0000B8   147 _IP	=	0x00b8
                           0000D0   148 _PSW	=	0x00d0
                           0000E0   149 _ACC	=	0x00e0
                           0000F0   150 _B	=	0x00f0
                                    151 ;--------------------------------------------------------
                                    152 ; special function bits
                                    153 ;--------------------------------------------------------
                                    154 	.area RSEG    (ABS,DATA)
      000000                        155 	.org 0x0000
                           000080   156 _P0_0	=	0x0080
                           000081   157 _P0_1	=	0x0081
                           000082   158 _P0_2	=	0x0082
                           000083   159 _P0_3	=	0x0083
                           000084   160 _P0_4	=	0x0084
                           000085   161 _P0_5	=	0x0085
                           000086   162 _P0_6	=	0x0086
                           000087   163 _P0_7	=	0x0087
                           000088   164 _IT0	=	0x0088
                           000089   165 _IE0	=	0x0089
                           00008A   166 _IT1	=	0x008a
                           00008B   167 _IE1	=	0x008b
                           00008C   168 _TR0	=	0x008c
                           00008D   169 _TF0	=	0x008d
                           00008E   170 _TR1	=	0x008e
                           00008F   171 _TF1	=	0x008f
                           000090   172 _P1_0	=	0x0090
                           000091   173 _P1_1	=	0x0091
                           000092   174 _P1_2	=	0x0092
                           000093   175 _P1_3	=	0x0093
                           000094   176 _P1_4	=	0x0094
                           000095   177 _P1_5	=	0x0095
                           000096   178 _P1_6	=	0x0096
                           000097   179 _P1_7	=	0x0097
                           000098   180 _RI	=	0x0098
                           000099   181 _TI	=	0x0099
                           00009A   182 _RB8	=	0x009a
                           00009B   183 _TB8	=	0x009b
                           00009C   184 _REN	=	0x009c
                           00009D   185 _SM2	=	0x009d
                           00009E   186 _SM1	=	0x009e
                           00009F   187 _SM0	=	0x009f
                           0000A0   188 _P2_0	=	0x00a0
                           0000A1   189 _P2_1	=	0x00a1
                           0000A2   190 _P2_2	=	0x00a2
                           0000A3   191 _P2_3	=	0x00a3
                           0000A4   192 _P2_4	=	0x00a4
                           0000A5   193 _P2_5	=	0x00a5
                           0000A6   194 _P2_6	=	0x00a6
                           0000A7   195 _P2_7	=	0x00a7
                           0000A8   196 _EX0	=	0x00a8
                           0000A9   197 _ET0	=	0x00a9
                           0000AA   198 _EX1	=	0x00aa
                           0000AB   199 _ET1	=	0x00ab
                           0000AC   200 _ES	=	0x00ac
                           0000AF   201 _EA	=	0x00af
                           0000B0   202 _P3_0	=	0x00b0
                           0000B1   203 _P3_1	=	0x00b1
                           0000B2   204 _P3_2	=	0x00b2
                           0000B3   205 _P3_3	=	0x00b3
                           0000B4   206 _P3_4	=	0x00b4
                           0000B5   207 _P3_5	=	0x00b5
                           0000B6   208 _P3_6	=	0x00b6
                           0000B7   209 _P3_7	=	0x00b7
                           0000B0   210 _RXD	=	0x00b0
                           0000B1   211 _TXD	=	0x00b1
                           0000B2   212 _INT0	=	0x00b2
                           0000B3   213 _INT1	=	0x00b3
                           0000B4   214 _T0	=	0x00b4
                           0000B5   215 _T1	=	0x00b5
                           0000B6   216 _WR	=	0x00b6
                           0000B7   217 _RD	=	0x00b7
                           0000B8   218 _PX0	=	0x00b8
                           0000B9   219 _PT0	=	0x00b9
                           0000BA   220 _PX1	=	0x00ba
                           0000BB   221 _PT1	=	0x00bb
                           0000BC   222 _PS	=	0x00bc
                           0000D0   223 _P	=	0x00d0
                           0000D1   224 _F1	=	0x00d1
                           0000D2   225 _OV	=	0x00d2
                           0000D3   226 _RS0	=	0x00d3
                           0000D4   227 _RS1	=	0x00d4
                           0000D5   228 _F0	=	0x00d5
                           0000D6   229 _AC	=	0x00d6
                           0000D7   230 _CY	=	0x00d7
                                    231 ;--------------------------------------------------------
                                    232 ; overlayable register banks
                                    233 ;--------------------------------------------------------
                                    234 	.area REG_BANK_0	(REL,OVR,DATA)
      000000                        235 	.ds 8
                                    236 ;--------------------------------------------------------
                                    237 ; internal ram data
                                    238 ;--------------------------------------------------------
                                    239 	.area DSEG    (DATA)
                           000030   240 _sp	=	0x0030
                           000034   241 _curThread	=	0x0034
                           000035   242 _bitmap	=	0x0035
                           000036   243 _newThread	=	0x0036
                           000037   244 _i	=	0x0037
                           000038   245 _tmp	=	0x0038
                           000039   246 _tmp2	=	0x0039
                           00003A   247 _checkAlive	=	0x003a
                           00003E   248 _cnt	=	0x003e
                           00003F   249 _now	=	0x003f
                           00002C   250 _delayid	=	0x002c
                                    251 ;--------------------------------------------------------
                                    252 ; overlayable items in internal ram 
                                    253 ;--------------------------------------------------------
                                    254 	.area	OSEG    (OVR,DATA)
                                    255 	.area	OSEG    (OVR,DATA)
                                    256 ;--------------------------------------------------------
                                    257 ; indirectly addressable internal ram data
                                    258 ;--------------------------------------------------------
                                    259 	.area ISEG    (DATA)
                                    260 ;--------------------------------------------------------
                                    261 ; absolute internal ram data
                                    262 ;--------------------------------------------------------
                                    263 	.area IABS    (ABS,DATA)
                                    264 	.area IABS    (ABS,DATA)
                                    265 ;--------------------------------------------------------
                                    266 ; bit data
                                    267 ;--------------------------------------------------------
                                    268 	.area BSEG    (BIT)
      000000                        269 _ThreadYield_sloc0_1_0:
      000000                        270 	.ds 1
                                    271 ;--------------------------------------------------------
                                    272 ; paged external ram data
                                    273 ;--------------------------------------------------------
                                    274 	.area PSEG    (PAG,XDATA)
                                    275 ;--------------------------------------------------------
                                    276 ; external ram data
                                    277 ;--------------------------------------------------------
                                    278 	.area XSEG    (XDATA)
                                    279 ;--------------------------------------------------------
                                    280 ; absolute external ram data
                                    281 ;--------------------------------------------------------
                                    282 	.area XABS    (ABS,XDATA)
                                    283 ;--------------------------------------------------------
                                    284 ; external initialized ram data
                                    285 ;--------------------------------------------------------
                                    286 	.area XISEG   (XDATA)
                                    287 	.area HOME    (CODE)
                                    288 	.area GSINIT0 (CODE)
                                    289 	.area GSINIT1 (CODE)
                                    290 	.area GSINIT2 (CODE)
                                    291 	.area GSINIT3 (CODE)
                                    292 	.area GSINIT4 (CODE)
                                    293 	.area GSINIT5 (CODE)
                                    294 	.area GSINIT  (CODE)
                                    295 	.area GSFINAL (CODE)
                                    296 	.area CSEG    (CODE)
                                    297 ;--------------------------------------------------------
                                    298 ; global & static initialisations
                                    299 ;--------------------------------------------------------
                                    300 	.area HOME    (CODE)
                                    301 	.area GSINIT  (CODE)
                                    302 	.area GSFINAL (CODE)
                                    303 	.area GSINIT  (CODE)
                                    304 ;--------------------------------------------------------
                                    305 ; Home
                                    306 ;--------------------------------------------------------
                                    307 	.area HOME    (CODE)
                                    308 	.area HOME    (CODE)
                                    309 ;--------------------------------------------------------
                                    310 ; code
                                    311 ;--------------------------------------------------------
                                    312 	.area CSEG    (CODE)
                                    313 ;------------------------------------------------------------
                                    314 ;Allocation info for local variables in function 'Bootstrap'
                                    315 ;------------------------------------------------------------
                                    316 ;	preemptive.c:42: void Bootstrap(void) {
                                    317 ;	-----------------------------------------
                                    318 ;	 function Bootstrap
                                    319 ;	-----------------------------------------
      000000                        320 _Bootstrap:
                           000007   321 	ar7 = 0x07
                           000006   322 	ar6 = 0x06
                           000005   323 	ar5 = 0x05
                           000004   324 	ar4 = 0x04
                           000003   325 	ar3 = 0x03
                           000002   326 	ar2 = 0x02
                           000001   327 	ar1 = 0x01
                           000000   328 	ar0 = 0x00
                                    329 ;	preemptive.c:43: cnt = 0;
      000000 75 3E 00         [24]  330 	mov	_cnt,#0x00
                                    331 ;	preemptive.c:44: now = 0;
      000003 75 3F 00         [24]  332 	mov	_now,#0x00
                                    333 ;	preemptive.c:45: TMOD = 0;
      000006 75 89 00         [24]  334 	mov	_TMOD,#0x00
                                    335 ;	preemptive.c:46: IE = 0x82;
      000009 75 A8 82         [24]  336 	mov	_IE,#0x82
                                    337 ;	preemptive.c:47: TR0 = 1;
                                    338 ;	assignBit
      00000C D2 8C            [12]  339 	setb	_TR0
                                    340 ;	preemptive.c:48: bitmap = 0b0000;
      00000E 75 35 00         [24]  341 	mov	_bitmap,#0x00
                                    342 ;	preemptive.c:49: checkAlive[0] = 0b0001; checkAlive[1] = 0b0010; checkAlive[2] = 0b0100; checkAlive[3] = 0b1000;
      000011 75 3A 01         [24]  343 	mov	_checkAlive,#0x01
      000014 75 3B 02         [24]  344 	mov	(_checkAlive + 0x0001),#0x02
      000017 75 3C 04         [24]  345 	mov	(_checkAlive + 0x0002),#0x04
      00001A 75 3D 08         [24]  346 	mov	(_checkAlive + 0x0003),#0x08
                                    347 ;	preemptive.c:50: delayid[0] = delayid[1] = delayid[2] = delayid[3] = 0;
      00001D 75 2F 00         [24]  348 	mov	(_delayid + 0x0003),#0x00
      000020 75 2E 00         [24]  349 	mov	(_delayid + 0x0002),#0x00
      000023 75 2D 00         [24]  350 	mov	(_delayid + 0x0001),#0x00
      000026 75 2C 00         [24]  351 	mov	_delayid,#0x00
                                    352 ;	preemptive.c:51: curThread = ThreadCreate(main);
      000029 90r00r00         [24]  353 	mov	dptr,#_main
      00002C 12r00r44         [24]  354 	lcall	_ThreadCreate
      00002F 85 82 34         [24]  355 	mov	_curThread,dpl
                                    356 ;	preemptive.c:52: RESTORESTATE;
      000032 E5 34            [12]  357 	mov	a,_curThread
      000034 24 30            [12]  358 	add	a,#_sp
      000036 F9               [12]  359 	mov	r1,a
      000037 87 81            [24]  360 	mov	_SP,@r1
      000039 D0 D0            [24]  361 	pop PSW 
      00003B D0 83            [24]  362 	pop DPH 
      00003D D0 82            [24]  363 	pop DPL 
      00003F D0 F0            [24]  364 	pop B 
      000041 D0 E0            [24]  365 	pop ACC 
                                    366 ;	preemptive.c:53: }
      000043 22               [24]  367 	ret
                                    368 ;------------------------------------------------------------
                                    369 ;Allocation info for local variables in function 'ThreadCreate'
                                    370 ;------------------------------------------------------------
                                    371 ;fp                        Allocated to registers 
                                    372 ;------------------------------------------------------------
                                    373 ;	preemptive.c:55: ThreadID ThreadCreate(FunctionPtr fp) {
                                    374 ;	-----------------------------------------
                                    375 ;	 function ThreadCreate
                                    376 ;	-----------------------------------------
      000044                        377 _ThreadCreate:
                                    378 ;	preemptive.c:56: if(bitmap == 0b1111) return -1;
      000044 74 0F            [12]  379 	mov	a,#0x0f
      000046 B5 35 04         [24]  380 	cjne	a,_bitmap,00102$
      000049 75 82 FF         [24]  381 	mov	dpl,#0xff
      00004C 22               [24]  382 	ret
      00004D                        383 00102$:
                                    384 ;	preemptive.c:57: EA=0;
                                    385 ;	assignBit
      00004D C2 AF            [12]  386 	clr	_EA
                                    387 ;	preemptive.c:58: for(i=0; i<MAXTHREADS; i++) {
      00004F 75 37 00         [24]  388 	mov	_i,#0x00
      000052                        389 00107$:
      000052 74 FC            [12]  390 	mov	a,#0x100 - 0x04
      000054 25 37            [12]  391 	add	a,_i
      000056 40 41            [24]  392 	jc	00105$
                                    393 ;	preemptive.c:59: if(((bitmap) & (0b0001<<i)) == 0) {
      000058 AF 37            [24]  394 	mov	r7,_i
      00005A 8F F0            [24]  395 	mov	b,r7
      00005C 05 F0            [12]  396 	inc	b
      00005E 7F 01            [12]  397 	mov	r7,#0x01
      000060 7E 00            [12]  398 	mov	r6,#0x00
      000062 80 06            [24]  399 	sjmp	00131$
      000064                        400 00130$:
      000064 EF               [12]  401 	mov	a,r7
      000065 2F               [12]  402 	add	a,r7
      000066 FF               [12]  403 	mov	r7,a
      000067 EE               [12]  404 	mov	a,r6
      000068 33               [12]  405 	rlc	a
      000069 FE               [12]  406 	mov	r6,a
      00006A                        407 00131$:
      00006A D5 F0 F7         [24]  408 	djnz	b,00130$
      00006D AC 35            [24]  409 	mov	r4,_bitmap
      00006F 7D 00            [12]  410 	mov	r5,#0x00
      000071 EC               [12]  411 	mov	a,r4
      000072 52 07            [12]  412 	anl	ar7,a
      000074 ED               [12]  413 	mov	a,r5
      000075 52 06            [12]  414 	anl	ar6,a
      000077 EF               [12]  415 	mov	a,r7
      000078 4E               [12]  416 	orl	a,r6
      000079 70 17            [24]  417 	jnz	00108$
                                    418 ;	preemptive.c:60: bitmap |= (0b0001<<i);
      00007B AF 37            [24]  419 	mov	r7,_i
      00007D 8F F0            [24]  420 	mov	b,r7
      00007F 05 F0            [12]  421 	inc	b
      000081 74 01            [12]  422 	mov	a,#0x01
      000083 80 02            [24]  423 	sjmp	00135$
      000085                        424 00133$:
      000085 25 E0            [12]  425 	add	a,acc
      000087                        426 00135$:
      000087 D5 F0 FB         [24]  427 	djnz	b,00133$
      00008A FF               [12]  428 	mov	r7,a
      00008B 42 35            [12]  429 	orl	_bitmap,a
                                    430 ;	preemptive.c:61: newThread = i;
      00008D 85 37 36         [24]  431 	mov	_newThread,_i
                                    432 ;	preemptive.c:62: break;
      000090 80 07            [24]  433 	sjmp	00105$
      000092                        434 00108$:
                                    435 ;	preemptive.c:58: for(i=0; i<MAXTHREADS; i++) {
      000092 E5 37            [12]  436 	mov	a,_i
      000094 04               [12]  437 	inc	a
      000095 F5 37            [12]  438 	mov	_i,a
      000097 80 B9            [24]  439 	sjmp	00107$
      000099                        440 00105$:
                                    441 ;	preemptive.c:65: tmp = SP;
      000099 85 81 38         [24]  442 	mov	_tmp,_SP
                                    443 ;	preemptive.c:66: SP = 0x3F + (i<<4);
      00009C E5 37            [12]  444 	mov	a,_i
      00009E C4               [12]  445 	swap	a
      00009F 54 F0            [12]  446 	anl	a,#0xf0
      0000A1 FF               [12]  447 	mov	r7,a
      0000A2 24 3F            [12]  448 	add	a,#0x3f
      0000A4 F5 81            [12]  449 	mov	_SP,a
                                    450 ;	preemptive.c:75: __endasm;
      0000A6 C0 82            [24]  451 	push	DPL
      0000A8 C0 83            [24]  452 	push	DPH
      0000AA 74 00            [12]  453 	mov	A, #0
      0000AC C0 E0            [24]  454 	push	A
      0000AE C0 E0            [24]  455 	push	A
      0000B0 C0 E0            [24]  456 	push	A
      0000B2 C0 E0            [24]  457 	push	A
                                    458 ;	preemptive.c:77: tmp2 = (i<<3);
      0000B4 E5 37            [12]  459 	mov	a,_i
      0000B6 FF               [12]  460 	mov	r7,a
      0000B7 C4               [12]  461 	swap	a
      0000B8 03               [12]  462 	rr	a
      0000B9 54 F8            [12]  463 	anl	a,#0xf8
      0000BB F5 39            [12]  464 	mov	_tmp2,a
                                    465 ;	preemptive.c:81: __endasm;
      0000BD C0 39            [24]  466 	push	_tmp2
                                    467 ;	preemptive.c:83: sp[newThread] = SP;
      0000BF E5 36            [12]  468 	mov	a,_newThread
      0000C1 24 30            [12]  469 	add	a,#_sp
      0000C3 F8               [12]  470 	mov	r0,a
      0000C4 A6 81            [24]  471 	mov	@r0,_SP
                                    472 ;	preemptive.c:84: SP = tmp;
      0000C6 85 38 81         [24]  473 	mov	_SP,_tmp
                                    474 ;	preemptive.c:85: EA=1;
                                    475 ;	assignBit
      0000C9 D2 AF            [12]  476 	setb	_EA
                                    477 ;	preemptive.c:86: return newThread;
      0000CB 85 36 82         [24]  478 	mov	dpl,_newThread
                                    479 ;	preemptive.c:87: }
      0000CE 22               [24]  480 	ret
                                    481 ;------------------------------------------------------------
                                    482 ;Allocation info for local variables in function 'ThreadYield'
                                    483 ;------------------------------------------------------------
                                    484 ;	preemptive.c:89: void ThreadYield(void) {
                                    485 ;	-----------------------------------------
                                    486 ;	 function ThreadYield
                                    487 ;	-----------------------------------------
      0000CF                        488 _ThreadYield:
                                    489 ;	preemptive.c:97: }
      0000CF D2*00            [12]  490 	setb	_ThreadYield_sloc0_1_0
      0000D1 10 AF 02         [24]  491 	jbc	ea,00122$
      0000D4 C2*00            [12]  492 	clr	_ThreadYield_sloc0_1_0
      0000D6                        493 00122$:
                                    494 ;	preemptive.c:91: SAVESTATE;
      0000D6 C0 E0            [24]  495 	push ACC 
      0000D8 C0 F0            [24]  496 	push B 
      0000DA C0 82            [24]  497 	push DPL 
      0000DC C0 83            [24]  498 	push DPH 
      0000DE C0 D0            [24]  499 	push PSW 
      0000E0 E5 34            [12]  500 	mov	a,_curThread
      0000E2 24 30            [12]  501 	add	a,#_sp
      0000E4 F8               [12]  502 	mov	r0,a
      0000E5 A6 81            [24]  503 	mov	@r0,_SP
                                    504 ;	preemptive.c:92: do {
      0000E7                        505 00103$:
                                    506 ;	preemptive.c:93: curThread = (curThread == MAXTHREADS-1) ? 0 : curThread+1;
      0000E7 74 03            [12]  507 	mov	a,#0x03
      0000E9 B5 34 06         [24]  508 	cjne	a,_curThread,00108$
      0000EC 7E 00            [12]  509 	mov	r6,#0x00
      0000EE 7F 00            [12]  510 	mov	r7,#0x00
      0000F0 80 09            [24]  511 	sjmp	00109$
      0000F2                        512 00108$:
      0000F2 AD 34            [24]  513 	mov	r5,_curThread
      0000F4 0D               [12]  514 	inc	r5
      0000F5 ED               [12]  515 	mov	a,r5
      0000F6 FE               [12]  516 	mov	r6,a
      0000F7 33               [12]  517 	rlc	a
      0000F8 95 E0            [12]  518 	subb	a,acc
      0000FA FF               [12]  519 	mov	r7,a
      0000FB                        520 00109$:
      0000FB 8E 34            [24]  521 	mov	_curThread,r6
                                    522 ;	preemptive.c:94: if(bitmap & checkAlive[curThread]) break;
      0000FD E5 34            [12]  523 	mov	a,_curThread
      0000FF 24 3A            [12]  524 	add	a,#_checkAlive
      000101 F9               [12]  525 	mov	r1,a
      000102 E7               [12]  526 	mov	a,@r1
      000103 FF               [12]  527 	mov	r7,a
      000104 55 35            [12]  528 	anl	a,_bitmap
      000106 60 DF            [24]  529 	jz	00103$
                                    530 ;	preemptive.c:96: RESTORESTATE;
      000108 E5 34            [12]  531 	mov	a,_curThread
      00010A 24 30            [12]  532 	add	a,#_sp
      00010C F9               [12]  533 	mov	r1,a
      00010D 87 81            [24]  534 	mov	_SP,@r1
      00010F D0 D0            [24]  535 	pop PSW 
      000111 D0 83            [24]  536 	pop DPH 
      000113 D0 82            [24]  537 	pop DPL 
      000115 D0 F0            [24]  538 	pop B 
      000117 D0 E0            [24]  539 	pop ACC 
      000119 A2*00            [12]  540 	mov	c,_ThreadYield_sloc0_1_0
      00011B 92 AF            [24]  541 	mov	ea,c
                                    542 ;	preemptive.c:98: }
      00011D 22               [24]  543 	ret
                                    544 ;------------------------------------------------------------
                                    545 ;Allocation info for local variables in function 'ThreadExit'
                                    546 ;------------------------------------------------------------
                                    547 ;	preemptive.c:100: void ThreadExit(void) {
                                    548 ;	-----------------------------------------
                                    549 ;	 function ThreadExit
                                    550 ;	-----------------------------------------
      00011E                        551 _ThreadExit:
                                    552 ;	preemptive.c:101: EA=0;
                                    553 ;	assignBit
      00011E C2 AF            [12]  554 	clr	_EA
                                    555 ;	preemptive.c:112: __endasm; 
      000120 74 00            [12]  556 	mov	A, #0
      000122 C0 E0            [24]  557 	push	A
      000124 C0 E0            [24]  558 	push	A
      000126 C0 E0            [24]  559 	push	A
      000128 C0 E0            [24]  560 	push	A
      00012A C0 E0            [24]  561 	push	A
      00012C C0 E0            [24]  562 	push	A
      00012E C0 E0            [24]  563 	push	A
      000130 C0 E0            [24]  564 	push	A
                                    565 ;	preemptive.c:113: sp[curThread] = 0;
      000132 E5 34            [12]  566 	mov	a,_curThread
      000134 24 30            [12]  567 	add	a,#_sp
      000136 F8               [12]  568 	mov	r0,a
      000137 76 00            [12]  569 	mov	@r0,#0x00
                                    570 ;	preemptive.c:114: bitmap &= ~(1<<curThread);
      000139 AF 34            [24]  571 	mov	r7,_curThread
      00013B 8F F0            [24]  572 	mov	b,r7
      00013D 05 F0            [12]  573 	inc	b
      00013F 74 01            [12]  574 	mov	a,#0x01
      000141 80 02            [24]  575 	sjmp	00133$
      000143                        576 00131$:
      000143 25 E0            [12]  577 	add	a,acc
      000145                        578 00133$:
      000145 D5 F0 FB         [24]  579 	djnz	b,00131$
      000148 F4               [12]  580 	cpl	a
      000149 FF               [12]  581 	mov	r7,a
      00014A 52 35            [12]  582 	anl	_bitmap,a
                                    583 ;	preemptive.c:115: if(bitmap == 0){
      00014C E5 35            [12]  584 	mov	a,_bitmap
      00014E 70 02            [24]  585 	jnz	00108$
                                    586 ;	preemptive.c:116: while(1){};
      000150                        587 00102$:
                                    588 ;	preemptive.c:118: do {
      000150 80 FE            [24]  589 	sjmp	00102$
      000152                        590 00108$:
                                    591 ;	preemptive.c:119: curThread = (curThread == MAXTHREADS-1) ? 0 : curThread+1;
      000152 74 03            [12]  592 	mov	a,#0x03
      000154 B5 34 06         [24]  593 	cjne	a,_curThread,00113$
      000157 7E 00            [12]  594 	mov	r6,#0x00
      000159 7F 00            [12]  595 	mov	r7,#0x00
      00015B 80 09            [24]  596 	sjmp	00114$
      00015D                        597 00113$:
      00015D AD 34            [24]  598 	mov	r5,_curThread
      00015F 0D               [12]  599 	inc	r5
      000160 ED               [12]  600 	mov	a,r5
      000161 FE               [12]  601 	mov	r6,a
      000162 33               [12]  602 	rlc	a
      000163 95 E0            [12]  603 	subb	a,acc
      000165 FF               [12]  604 	mov	r7,a
      000166                        605 00114$:
      000166 8E 34            [24]  606 	mov	_curThread,r6
                                    607 ;	preemptive.c:120: if(bitmap & checkAlive[curThread]) break;
      000168 E5 34            [12]  608 	mov	a,_curThread
      00016A 24 3A            [12]  609 	add	a,#_checkAlive
      00016C F9               [12]  610 	mov	r1,a
      00016D E7               [12]  611 	mov	a,@r1
      00016E FF               [12]  612 	mov	r7,a
      00016F 55 35            [12]  613 	anl	a,_bitmap
      000171 60 DF            [24]  614 	jz	00108$
                                    615 ;	preemptive.c:122: RESTORESTATE;
      000173 E5 34            [12]  616 	mov	a,_curThread
      000175 24 30            [12]  617 	add	a,#_sp
      000177 F9               [12]  618 	mov	r1,a
      000178 87 81            [24]  619 	mov	_SP,@r1
      00017A D0 D0            [24]  620 	pop PSW 
      00017C D0 83            [24]  621 	pop DPH 
      00017E D0 82            [24]  622 	pop DPL 
      000180 D0 F0            [24]  623 	pop B 
      000182 D0 E0            [24]  624 	pop ACC 
                                    625 ;	preemptive.c:123: EA=1;
                                    626 ;	assignBit
      000184 D2 AF            [12]  627 	setb	_EA
                                    628 ;	preemptive.c:124: }
      000186 22               [24]  629 	ret
                                    630 ;------------------------------------------------------------
                                    631 ;Allocation info for local variables in function 'myTimer0Handler'
                                    632 ;------------------------------------------------------------
                                    633 ;	preemptive.c:126: void myTimer0Handler(void) {
                                    634 ;	-----------------------------------------
                                    635 ;	 function myTimer0Handler
                                    636 ;	-----------------------------------------
      000187                        637 _myTimer0Handler:
                                    638 ;	preemptive.c:127: EA=0;
                                    639 ;	assignBit
      000187 C2 AF            [12]  640 	clr	_EA
                                    641 ;	preemptive.c:129: SAVESTATE;
      000189 C0 E0            [24]  642 	push ACC 
      00018B C0 F0            [24]  643 	push B 
      00018D C0 82            [24]  644 	push DPL 
      00018F C0 83            [24]  645 	push DPH 
      000191 C0 D0            [24]  646 	push PSW 
      000193 E5 34            [12]  647 	mov	a,_curThread
      000195 24 30            [12]  648 	add	a,#_sp
      000197 F8               [12]  649 	mov	r0,a
      000198 A6 81            [24]  650 	mov	@r0,_SP
                                    651 ;	preemptive.c:138: __endasm;
      00019A 89 E0            [24]  652 	mov	ACC, r1
      00019C 8A F0            [24]  653 	mov	B, r2
      00019E 8B 82            [24]  654 	mov	DPL, r3
      0001A0 8C 83            [24]  655 	mov	DPH, r4
      0001A2 8D 37            [24]  656 	mov	_i, r5
      0001A4 8E 38            [24]  657 	mov	_tmp, r6
      0001A6 8F 39            [24]  658 	mov	_tmp2, r7
                                    659 ;	preemptive.c:139: do {
      0001A8                        660 00103$:
                                    661 ;	preemptive.c:140: curThread = (curThread == MAXTHREADS-1) ? 0 : curThread+1;
      0001A8 74 03            [12]  662 	mov	a,#0x03
      0001AA B5 34 06         [24]  663 	cjne	a,_curThread,00110$
      0001AD 7E 00            [12]  664 	mov	r6,#0x00
      0001AF 7F 00            [12]  665 	mov	r7,#0x00
      0001B1 80 09            [24]  666 	sjmp	00111$
      0001B3                        667 00110$:
      0001B3 AD 34            [24]  668 	mov	r5,_curThread
      0001B5 0D               [12]  669 	inc	r5
      0001B6 ED               [12]  670 	mov	a,r5
      0001B7 FE               [12]  671 	mov	r6,a
      0001B8 33               [12]  672 	rlc	a
      0001B9 95 E0            [12]  673 	subb	a,acc
      0001BB FF               [12]  674 	mov	r7,a
      0001BC                        675 00111$:
      0001BC 8E 34            [24]  676 	mov	_curThread,r6
                                    677 ;	preemptive.c:141: if(bitmap & checkAlive[curThread]) break;
      0001BE E5 34            [12]  678 	mov	a,_curThread
      0001C0 24 3A            [12]  679 	add	a,#_checkAlive
      0001C2 F9               [12]  680 	mov	r1,a
      0001C3 E7               [12]  681 	mov	a,@r1
      0001C4 FF               [12]  682 	mov	r7,a
      0001C5 55 35            [12]  683 	anl	a,_bitmap
      0001C7 60 DF            [24]  684 	jz	00103$
                                    685 ;	preemptive.c:143: cnt++;
      0001C9 E5 3E            [12]  686 	mov	a,_cnt
      0001CB 04               [12]  687 	inc	a
      0001CC F5 3E            [12]  688 	mov	_cnt,a
                                    689 ;	preemptive.c:144: if(cnt==4) {
      0001CE 74 04            [12]  690 	mov	a,#0x04
      0001D0 B5 3E 08         [24]  691 	cjne	a,_cnt,00107$
                                    692 ;	preemptive.c:145: cnt = 0;
      0001D3 75 3E 00         [24]  693 	mov	_cnt,#0x00
                                    694 ;	preemptive.c:146: now++;
      0001D6 E5 3F            [12]  695 	mov	a,_now
      0001D8 04               [12]  696 	inc	a
      0001D9 F5 3F            [12]  697 	mov	_now,a
      0001DB                        698 00107$:
                                    699 ;	preemptive.c:156: __endasm;
      0001DB A9 E0            [24]  700 	mov	r1, ACC
      0001DD AA F0            [24]  701 	mov	r2, B
      0001DF AB 82            [24]  702 	mov	r3, DPL
      0001E1 AC 83            [24]  703 	mov	r4, DPH
      0001E3 AD 37            [24]  704 	mov	r5, _i
      0001E5 AE 38            [24]  705 	mov	r6, _tmp
      0001E7 AF 39            [24]  706 	mov	r7, _tmp2
                                    707 ;	preemptive.c:157: RESTORESTATE;
      0001E9 E5 34            [12]  708 	mov	a,_curThread
      0001EB 24 30            [12]  709 	add	a,#_sp
      0001ED F9               [12]  710 	mov	r1,a
      0001EE 87 81            [24]  711 	mov	_SP,@r1
      0001F0 D0 D0            [24]  712 	pop PSW 
      0001F2 D0 83            [24]  713 	pop DPH 
      0001F4 D0 82            [24]  714 	pop DPL 
      0001F6 D0 F0            [24]  715 	pop B 
      0001F8 D0 E0            [24]  716 	pop ACC 
                                    717 ;	preemptive.c:158: EA=1;
                                    718 ;	assignBit
      0001FA D2 AF            [12]  719 	setb	_EA
                                    720 ;	preemptive.c:161: __endasm;
      0001FC 32               [24]  721 	reti
                                    722 ;	preemptive.c:163: }
      0001FD 22               [24]  723 	ret
                                    724 ;------------------------------------------------------------
                                    725 ;Allocation info for local variables in function 'delay'
                                    726 ;------------------------------------------------------------
                                    727 ;n                         Allocated to registers r7 
                                    728 ;------------------------------------------------------------
                                    729 ;	preemptive.c:165: void delay(unsigned char n) {
                                    730 ;	-----------------------------------------
                                    731 ;	 function delay
                                    732 ;	-----------------------------------------
      0001FE                        733 _delay:
      0001FE AF 82            [24]  734 	mov	r7,dpl
                                    735 ;	preemptive.c:166: delayid[curThread] = now + n;
      000200 E5 34            [12]  736 	mov	a,_curThread
      000202 24 2C            [12]  737 	add	a,#_delayid
      000204 F9               [12]  738 	mov	r1,a
      000205 EF               [12]  739 	mov	a,r7
      000206 25 3F            [12]  740 	add	a,_now
      000208 F7               [12]  741 	mov	@r1,a
                                    742 ;	preemptive.c:167: while(now != delayid[curThread]);
      000209                        743 00101$:
      000209 E5 34            [12]  744 	mov	a,_curThread
      00020B 24 2C            [12]  745 	add	a,#_delayid
      00020D F9               [12]  746 	mov	r1,a
      00020E E7               [12]  747 	mov	a,@r1
      00020F B5 3F F7         [24]  748 	cjne	a,_now,00101$
                                    749 ;	preemptive.c:168: delayid[curThread] = 0;
      000212 E5 34            [12]  750 	mov	a,_curThread
      000214 24 2C            [12]  751 	add	a,#_delayid
      000216 F8               [12]  752 	mov	r0,a
      000217 76 00            [12]  753 	mov	@r0,#0x00
                                    754 ;	preemptive.c:169: }
      000219 22               [24]  755 	ret
                                    756 	.area CSEG    (CODE)
                                    757 	.area CONST   (CODE)
                                    758 	.area XINIT   (CODE)
                                    759 	.area CABS    (ABS,CODE)
